Cluster 2 : 36 residues
rank	resid	probability
1	36	1.000
2	37	1.000
3	95	1.000
4	99	1.000
5	211	1.000
6	233	1.000
7	238	1.000
8	237	0.857
9	464	0.714
10	241	0.571
11	365	0.571
12	375	0.571
13	32	0.429
14	33	0.429
15	96	0.286
16	363	0.286

Cluster 1 : 17 residues
rank	resid	probability
1	47	1.000
2	48	1.000
3	51	1.000
